     VMA      LMA     Size Align Out     In      Symbol
40080000 40080000      3c7     4 .text
40080000 40080000        8     4         /Users/haolan/Library/Caches/go-build/2e/2e949cf0f3e2898dab9c33344e9d6991124c17f24f9bf112a91179354e1dfb1a-desp32.S.o:(.literal.call_start_cpu0)
40080008 40080008       43     1         /Users/haolan/Library/Caches/go-build/2e/2e949cf0f3e2898dab9c33344e9d6991124c17f24f9bf112a91179354e1dfb1a-desp32.S.o:(.text.call_start_cpu0)
4008000c 4008000c        0     1                 call_start_cpu0
4008004c 4008004c       1a     4         /Users/haolan/Library/Caches/go-build/72/72552695d71dfac15014606aec003b794d22b55b95f098a54553a20d31401a7e-d.o:(.text.llgo-test/volatile.(*Register32).ClearBits)
4008004c 4008004c       1a     1                 llgo-test/volatile.(*Register32).ClearBits
40080068 40080068        a     4         /Users/haolan/Library/Caches/go-build/72/72552695d71dfac15014606aec003b794d22b55b95f098a54553a20d31401a7e-d.o:(.text.llgo-test/volatile.(*Register32).Get)
40080068 40080068        a     1                 llgo-test/volatile.(*Register32).Get
40080074 40080074        d     4         /Users/haolan/Library/Caches/go-build/72/72552695d71dfac15014606aec003b794d22b55b95f098a54553a20d31401a7e-d.o:(.text.llgo-test/volatile.(*Register32).Set)
40080074 40080074        d     1                 llgo-test/volatile.(*Register32).Set
40080084 40080084       15     4         /Users/haolan/Library/Caches/go-build/72/72552695d71dfac15014606aec003b794d22b55b95f098a54553a20d31401a7e-d.o:(.text.llgo-test/volatile.(*Register32).SetBits)
40080084 40080084       15     1                 llgo-test/volatile.(*Register32).SetBits
4008009c 4008009c        8     4         /Users/haolan/Library/Caches/go-build/2e/2e949cf0f3e2898dab9c33344e9d6991124c17f24f9bf112a91179354e1dfb1a-d.o:(.literal.llgo-test.clearbss)
400800a4 400800a4       27     4         /Users/haolan/Library/Caches/go-build/2e/2e949cf0f3e2898dab9c33344e9d6991124c17f24f9bf112a91179354e1dfb1a-d.o:(.text.llgo-test.clearbss)
400800a4 400800a4       27     1                 llgo-test.clearbss
400800cc 400800cc       10     4         /Users/haolan/Library/Caches/go-build/2e/2e949cf0f3e2898dab9c33344e9d6991124c17f24f9bf112a91179354e1dfb1a-d.o:(.literal.llgo-test.enableButton)
400800dc 400800dc       29     4         /Users/haolan/Library/Caches/go-build/2e/2e949cf0f3e2898dab9c33344e9d6991124c17f24f9bf112a91179354e1dfb1a-d.o:(.text.llgo-test.enableButton)
400800dc 400800dc       29     1                 llgo-test.enableButton
40080108 40080108        4     4         /Users/haolan/Library/Caches/go-build/2e/2e949cf0f3e2898dab9c33344e9d6991124c17f24f9bf112a91179354e1dfb1a-d.o:(.literal.llgo-test.getGPIO)
4008010c 4008010c        8     4         /Users/haolan/Library/Caches/go-build/2e/2e949cf0f3e2898dab9c33344e9d6991124c17f24f9bf112a91179354e1dfb1a-d.o:(.text.llgo-test.getGPIO)
4008010c 4008010c        8     1                 llgo-test.getGPIO
40080114 40080114        4     4         /Users/haolan/Library/Caches/go-build/2e/2e949cf0f3e2898dab9c33344e9d6991124c17f24f9bf112a91179354e1dfb1a-d.o:(.literal.llgo-test.getIOMUX)
40080118 40080118        8     4         /Users/haolan/Library/Caches/go-build/2e/2e949cf0f3e2898dab9c33344e9d6991124c17f24f9bf112a91179354e1dfb1a-d.o:(.text.llgo-test.getIOMUX)
40080118 40080118        8     1                 llgo-test.getIOMUX
40080120 40080120        4     4         /Users/haolan/Library/Caches/go-build/2e/2e949cf0f3e2898dab9c33344e9d6991124c17f24f9bf112a91179354e1dfb1a-d.o:(.literal.llgo-test.getRTCCNTL)
40080124 40080124        8     4         /Users/haolan/Library/Caches/go-build/2e/2e949cf0f3e2898dab9c33344e9d6991124c17f24f9bf112a91179354e1dfb1a-d.o:(.text.llgo-test.getRTCCNTL)
40080124 40080124        8     1                 llgo-test.getRTCCNTL
4008012c 4008012c        4     4         /Users/haolan/Library/Caches/go-build/2e/2e949cf0f3e2898dab9c33344e9d6991124c17f24f9bf112a91179354e1dfb1a-d.o:(.literal.llgo-test.getUART)
40080130 40080130        8     4         /Users/haolan/Library/Caches/go-build/2e/2e949cf0f3e2898dab9c33344e9d6991124c17f24f9bf112a91179354e1dfb1a-d.o:(.text.llgo-test.getUART)
40080130 40080130        8     1                 llgo-test.getUART
40080138 40080138        4     4         /Users/haolan/Library/Caches/go-build/2e/2e949cf0f3e2898dab9c33344e9d6991124c17f24f9bf112a91179354e1dfb1a-d.o:(.literal.llgo-test.init)
4008013c 4008013c       1c     4         /Users/haolan/Library/Caches/go-build/2e/2e949cf0f3e2898dab9c33344e9d6991124c17f24f9bf112a91179354e1dfb1a-d.o:(.text.llgo-test.init)
4008013c 4008013c       1c     1                 llgo-test.init
40080158 40080158       18     4         /Users/haolan/Library/Caches/go-build/2e/2e949cf0f3e2898dab9c33344e9d6991124c17f24f9bf112a91179354e1dfb1a-d.o:(.literal.llgo-test.initUART)
40080170 40080170       41     4         /Users/haolan/Library/Caches/go-build/2e/2e949cf0f3e2898dab9c33344e9d6991124c17f24f9bf112a91179354e1dfb1a-d.o:(.text.llgo-test.initUART)
40080170 40080170       41     1                 llgo-test.initUART
400801b4 400801b4       28     4         /Users/haolan/Library/Caches/go-build/2e/2e949cf0f3e2898dab9c33344e9d6991124c17f24f9bf112a91179354e1dfb1a-d.o:(.literal.llgo-test.main)
400801dc 400801dc       7c     4         /Users/haolan/Library/Caches/go-build/2e/2e949cf0f3e2898dab9c33344e9d6991124c17f24f9bf112a91179354e1dfb1a-d.o:(.text.llgo-test.main)
400801dc 400801dc       7c     1                 llgo-test.main
40080258 40080258        4     4         /Users/haolan/Library/Caches/go-build/2e/2e949cf0f3e2898dab9c33344e9d6991124c17f24f9bf112a91179354e1dfb1a-d.o:(.literal.llgo-test.printDone)
4008025c 4008025c       32     4         /Users/haolan/Library/Caches/go-build/2e/2e949cf0f3e2898dab9c33344e9d6991124c17f24f9bf112a91179354e1dfb1a-d.o:(.text.llgo-test.printDone)
4008025c 4008025c       32     1                 llgo-test.printDone
40080290 40080290        4     4         /Users/haolan/Library/Caches/go-build/2e/2e949cf0f3e2898dab9c33344e9d6991124c17f24f9bf112a91179354e1dfb1a-d.o:(.literal.llgo-test.printOK)
40080294 40080294       24     4         /Users/haolan/Library/Caches/go-build/2e/2e949cf0f3e2898dab9c33344e9d6991124c17f24f9bf112a91179354e1dfb1a-d.o:(.text.llgo-test.printOK)
40080294 40080294       24     1                 llgo-test.printOK
400802b8 400802b8        4     4         /Users/haolan/Library/Caches/go-build/2e/2e949cf0f3e2898dab9c33344e9d6991124c17f24f9bf112a91179354e1dfb1a-d.o:(.literal.llgo-test.printStartup)
400802bc 400802bc       69     4         /Users/haolan/Library/Caches/go-build/2e/2e949cf0f3e2898dab9c33344e9d6991124c17f24f9bf112a91179354e1dfb1a-d.o:(.text.llgo-test.printStartup)
400802bc 400802bc       69     1                 llgo-test.printStartup
40080328 40080328        c     4         /Users/haolan/Library/Caches/go-build/2e/2e949cf0f3e2898dab9c33344e9d6991124c17f24f9bf112a91179354e1dfb1a-d.o:(.literal.llgo-test.writeByte)
40080334 40080334       3f     4         /Users/haolan/Library/Caches/go-build/2e/2e949cf0f3e2898dab9c33344e9d6991124c17f24f9bf112a91179354e1dfb1a-d.o:(.text.llgo-test.writeByte)
40080334 40080334       3f     1                 llgo-test.writeByte
40080374 40080374        5     4         /Users/haolan/Library/Caches/go-build/2e/2e949cf0f3e2898dab9c33344e9d6991124c17f24f9bf112a91179354e1dfb1a-d.o-main.o:(.text.runtime.init)
40080374 40080374        5     1                 runtime.init
4008037c 4008037c        4     4         /Users/haolan/Library/Caches/go-build/2e/2e949cf0f3e2898dab9c33344e9d6991124c17f24f9bf112a91179354e1dfb1a-d.o-main.o:(.literal._start)
40080380 40080380        f     4         /Users/haolan/Library/Caches/go-build/2e/2e949cf0f3e2898dab9c33344e9d6991124c17f24f9bf112a91179354e1dfb1a-d.o-main.o:(.text._start)
40080380 40080380        f     1                 _start
40080390 40080390       14     4         /Users/haolan/Library/Caches/go-build/2e/2e949cf0f3e2898dab9c33344e9d6991124c17f24f9bf112a91179354e1dfb1a-d.o-main.o:(.literal.main)
400803a4 400803a4       23     4         /Users/haolan/Library/Caches/go-build/2e/2e949cf0f3e2898dab9c33344e9d6991124c17f24f9bf112a91179354e1dfb1a-d.o-main.o:(.text.main)
400803a4 400803a4       23     1                 main
3ffae000 3ffae000      800     1 .stack
3ffae000 3ffae000        0     1         . = ALIGN ( 16 )
3ffae000 3ffae000      800     1         . += 2048
3ffae800 3ffae800        0     1         _stack_top = .
3ffae800 3ffae800        0     4 .data
3ffae800 3ffae800        0     1         _sdata = ABSOLUTE ( . )
3ffae800 3ffae800        0     1         _edata = ABSOLUTE ( . )
3ffae800 3ffae800        0     1 
3ffae800 3ffae800       14     8 .bss
3ffae800 3ffae800        0     1         . = ALIGN ( 4 )
3ffae800 3ffae800        0     1         _sbss = ABSOLUTE ( . )
3ffae800 3ffae800        4     4         /Users/haolan/Library/Caches/go-build/2e/2e949cf0f3e2898dab9c33344e9d6991124c17f24f9bf112a91179354e1dfb1a-d.o:(.bss.llgo-test._ebss)
3ffae800 3ffae800        4     1                 llgo-test._ebss
3ffae804 3ffae804        4     4         /Users/haolan/Library/Caches/go-build/2e/2e949cf0f3e2898dab9c33344e9d6991124c17f24f9bf112a91179354e1dfb1a-d.o:(.bss.llgo-test._sbss)
3ffae804 3ffae804        4     1                 llgo-test._sbss
3ffae808 3ffae808        1     1         /Users/haolan/Library/Caches/go-build/2e/2e949cf0f3e2898dab9c33344e9d6991124c17f24f9bf112a91179354e1dfb1a-d.o:(.bss.llgo-test.init$guard)
3ffae808 3ffae808        1     1                 llgo-test.init$guard
3ffae80c 3ffae80c        4     4         /Users/haolan/Library/Caches/go-build/2e/2e949cf0f3e2898dab9c33344e9d6991124c17f24f9bf112a91179354e1dfb1a-d.o-main.o:(.bss.__llgo_argc)
3ffae80c 3ffae80c        4     1                 __llgo_argc
3ffae810 3ffae810        4     8         /Users/haolan/Library/Caches/go-build/2e/2e949cf0f3e2898dab9c33344e9d6991124c17f24f9bf112a91179354e1dfb1a-d.o-main.o:(.bss.__llgo_argv)
3ffae810 3ffae810        4     1                 __llgo_argv
3ffae814 3ffae814        0     1         . = ALIGN ( 4 )
3ffae814 3ffae814        0     1         _ebss = ABSOLUTE ( . )
3ffae814 3ffae814        0     1 _globals_start = _sdata
3ffae814 3ffae814        0     1 _globals_end = _ebss
3ffae814 3ffae814        0     1 _heap_start = _ebss
3ffae814 3ffae814        0     1 _heap_end = ORIGIN ( DRAM ) + LENGTH ( DRAM )
3ffae814 3ffae814        0     1 _stack_size = 4K
3ffae814 3ffae814        0     1 memcpy = 0x4000c2c8
3ffae814 3ffae814        0     1 memmove = 0x4000c3c0
3ffae814 3ffae814        0     1 memset = 0x4000c44c
3ffae814 3ffae814        0     1 __absvdi2 = 0x4006387c
3ffae814 3ffae814        0     1 __absvsi2 = 0x40063868
3ffae814 3ffae814        0     1 __adddf3 = 0x40002590
3ffae814 3ffae814        0     1 __addsf3 = 0x400020e8
3ffae814 3ffae814        0     1 __addvdi3 = 0x40002cbc
3ffae814 3ffae814        0     1 __addvsi3 = 0x40002c98
3ffae814 3ffae814        0     1 __ashldi3 = 0x4000c818
3ffae814 3ffae814        0     1 __ashrdi3 = 0x4000c830
3ffae814 3ffae814        0     1 __bswapdi2 = 0x40064b08
3ffae814 3ffae814        0     1 __bswapsi2 = 0x40064ae0
3ffae814 3ffae814        0     1 __clrsbdi2 = 0x40064b7c
3ffae814 3ffae814        0     1 __clrsbsi2 = 0x40064b64
3ffae814 3ffae814        0     1 __clzdi2 = 0x4000ca50
3ffae814 3ffae814        0     1 __clzsi2 = 0x4000c7e8
3ffae814 3ffae814        0     1 __cmpdi2 = 0x40063820
3ffae814 3ffae814        0     1 __ctzdi2 = 0x4000ca64
3ffae814 3ffae814        0     1 __ctzsi2 = 0x4000c7f0
3ffae814 3ffae814        0     1 __divdc3 = 0x400645a4
3ffae814 3ffae814        0     1 __divdf3 = 0x40002954
3ffae814 3ffae814        0     1 __divdi3 = 0x4000ca84
3ffae814 3ffae814        0     1 __divsi3 = 0x4000c7b8
3ffae814 3ffae814        0     1 __eqdf2 = 0x400636a8
3ffae814 3ffae814        0     1 __eqsf2 = 0x40063374
3ffae814 3ffae814        0     1 __extendsfdf2 = 0x40002c34
3ffae814 3ffae814        0     1 __ffsdi2 = 0x4000ca2c
3ffae814 3ffae814        0     1 __ffssi2 = 0x4000c804
3ffae814 3ffae814        0     1 __fixdfdi = 0x40002ac4
3ffae814 3ffae814        0     1 __fixdfsi = 0x40002a78
3ffae814 3ffae814        0     1 __fixsfdi = 0x4000244c
3ffae814 3ffae814        0     1 __fixsfsi = 0x4000240c
3ffae814 3ffae814        0     1 __fixunsdfsi = 0x40002b30
3ffae814 3ffae814        0     1 __fixunssfdi = 0x40002504
3ffae814 3ffae814        0     1 __fixunssfsi = 0x400024ac
3ffae814 3ffae814        0     1 __floatdidf = 0x4000c988
3ffae814 3ffae814        0     1 __floatdisf = 0x4000c8c0
3ffae814 3ffae814        0     1 __floatsidf = 0x4000c944
3ffae814 3ffae814        0     1 __floatsisf = 0x4000c870
3ffae814 3ffae814        0     1 __floatundidf = 0x4000c978
3ffae814 3ffae814        0     1 __floatundisf = 0x4000c8b0
3ffae814 3ffae814        0     1 __floatunsidf = 0x4000c938
3ffae814 3ffae814        0     1 __floatunsisf = 0x4000c864
3ffae814 3ffae814        0     1 __gcc_bcmp = 0x40064a70
3ffae814 3ffae814        0     1 __gedf2 = 0x40063768
3ffae814 3ffae814        0     1 __gesf2 = 0x4006340c
3ffae814 3ffae814        0     1 __gtdf2 = 0x400636dc
3ffae814 3ffae814        0     1 __gtsf2 = 0x400633a0
3ffae814 3ffae814        0     1 __ledf2 = 0x40063704
3ffae814 3ffae814        0     1 __lesf2 = 0x400633c0
3ffae814 3ffae814        0     1 __lshrdi3 = 0x4000c84c
3ffae814 3ffae814        0     1 __ltdf2 = 0x40063790
3ffae814 3ffae814        0     1 __ltsf2 = 0x4006342c
3ffae814 3ffae814        0     1 __moddi3 = 0x4000cd4c
3ffae814 3ffae814        0     1 __modsi3 = 0x4000c7c0
3ffae814 3ffae814        0     1 __muldc3 = 0x40063c90
3ffae814 3ffae814        0     1 __muldf3 = 0x4006358c
3ffae814 3ffae814        0     1 __muldi3 = 0x4000c9fc
3ffae814 3ffae814        0     1 __mulsf3 = 0x400632c8
3ffae814 3ffae814        0     1 __mulsi3 = 0x4000c7b0
3ffae814 3ffae814        0     1 __mulvdi3 = 0x40002d78
3ffae814 3ffae814        0     1 __mulvsi3 = 0x40002d60
3ffae814 3ffae814        0     1 __nedf2 = 0x400636a8
3ffae814 3ffae814        0     1 __negdf2 = 0x400634a0
3ffae814 3ffae814        0     1 __negdi2 = 0x4000ca14
3ffae814 3ffae814        0     1 __negsf2 = 0x400020c0
3ffae814 3ffae814        0     1 __negvdi2 = 0x40002e98
3ffae814 3ffae814        0     1 __negvsi2 = 0x40002e78
3ffae814 3ffae814        0     1 __nesf2 = 0x40063374
3ffae814 3ffae814        0     1 __nsau_data = 0x3ff96544
3ffae814 3ffae814        0     1 __paritysi2 = 0x40002f3c
3ffae814 3ffae814        0     1 __popcount_tab = 0x3ff96544
3ffae814 3ffae814        0     1 __popcountdi2 = 0x40002ef8
3ffae814 3ffae814        0     1 __popcountsi2 = 0x40002ed0
3ffae814 3ffae814        0     1 __powidf2 = 0x400638e4
3ffae814 3ffae814        0     1 __subdf3 = 0x400026e4
3ffae814 3ffae814        0     1 __subsf3 = 0x400021d0
3ffae814 3ffae814        0     1 __subvdi3 = 0x40002d20
3ffae814 3ffae814        0     1 __subvsi3 = 0x40002cf8
3ffae814 3ffae814        0     1 __truncdfsf2 = 0x40002b90
3ffae814 3ffae814        0     1 __ucmpdi2 = 0x40063840
3ffae814 3ffae814        0     1 __udiv_w_sdiv = 0x40064bec
3ffae814 3ffae814        0     1 __udivdi3 = 0x4000cff8
3ffae814 3ffae814        0     1 __udivmoddi4 = 0x40064bf4
3ffae814 3ffae814        0     1 __udivsi3 = 0x4000c7c8
3ffae814 3ffae814        0     1 __umoddi3 = 0x4000d280
3ffae814 3ffae814        0     1 __umodsi3 = 0x4000c7d0
3ffae814 3ffae814        0     1 __umulsidi3 = 0x4000c7d8
3ffae814 3ffae814        0     1 __unorddf2 = 0x400637f4
3ffae814 3ffae814        0     1 __unordsf2 = 0x40063478
       0        0       68     1 .comment
       0        0       68     1         <internal>:(.comment)
       0        0      840     4 .symtab
       0        0      840     4         <internal>:(.symtab)
       0        0       3c     1 .shstrtab
       0        0       3c     1         <internal>:(.shstrtab)
       0        0      62d     1 .strtab
       0        0      62d     1         <internal>:(.strtab)

Cross Reference Table

Symbol                                            File
llgo-test/volatile.(*Register32).ClearBits        /Users/haolan/Library/Caches/go-build/72/72552695d71dfac15014606aec003b794d22b55b95f098a54553a20d31401a7e-d.o
                                                  /Users/haolan/Library/Caches/go-build/2e/2e949cf0f3e2898dab9c33344e9d6991124c17f24f9bf112a91179354e1dfb1a-d.o
llgo-test/volatile.(*Register32).Get              /Users/haolan/Library/Caches/go-build/72/72552695d71dfac15014606aec003b794d22b55b95f098a54553a20d31401a7e-d.o
                                                  /Users/haolan/Library/Caches/go-build/2e/2e949cf0f3e2898dab9c33344e9d6991124c17f24f9bf112a91179354e1dfb1a-d.o
llgo-test/volatile.(*Register32).Set              /Users/haolan/Library/Caches/go-build/72/72552695d71dfac15014606aec003b794d22b55b95f098a54553a20d31401a7e-d.o
                                                  /Users/haolan/Library/Caches/go-build/2e/2e949cf0f3e2898dab9c33344e9d6991124c17f24f9bf112a91179354e1dfb1a-d.o
llgo-test/volatile.(*Register32).SetBits          /Users/haolan/Library/Caches/go-build/72/72552695d71dfac15014606aec003b794d22b55b95f098a54553a20d31401a7e-d.o
                                                  /Users/haolan/Library/Caches/go-build/2e/2e949cf0f3e2898dab9c33344e9d6991124c17f24f9bf112a91179354e1dfb1a-d.o
_stack_top                                        /Users/haolan/project/t1/llgo/targets/esp32.ld:48
                                                  /Users/haolan/Library/Caches/go-build/2e/2e949cf0f3e2898dab9c33344e9d6991124c17f24f9bf112a91179354e1dfb1a-desp32.S.o
call_start_cpu0                                   /Users/haolan/Library/Caches/go-build/2e/2e949cf0f3e2898dab9c33344e9d6991124c17f24f9bf112a91179354e1dfb1a-desp32.S.o
_start                                            /Users/haolan/Library/Caches/go-build/2e/2e949cf0f3e2898dab9c33344e9d6991124c17f24f9bf112a91179354e1dfb1a-d.o-main.o
                                                  /Users/haolan/Library/Caches/go-build/2e/2e949cf0f3e2898dab9c33344e9d6991124c17f24f9bf112a91179354e1dfb1a-desp32.S.o
llgo-test._sbss                                   /Users/haolan/Library/Caches/go-build/2e/2e949cf0f3e2898dab9c33344e9d6991124c17f24f9bf112a91179354e1dfb1a-d.o
llgo-test._ebss                                   /Users/haolan/Library/Caches/go-build/2e/2e949cf0f3e2898dab9c33344e9d6991124c17f24f9bf112a91179354e1dfb1a-d.o
llgo-test.clearbss                                /Users/haolan/Library/Caches/go-build/2e/2e949cf0f3e2898dab9c33344e9d6991124c17f24f9bf112a91179354e1dfb1a-d.o
llgo-test.getIOMUX                                /Users/haolan/Library/Caches/go-build/2e/2e949cf0f3e2898dab9c33344e9d6991124c17f24f9bf112a91179354e1dfb1a-d.o
llgo-test.getGPIO                                 /Users/haolan/Library/Caches/go-build/2e/2e949cf0f3e2898dab9c33344e9d6991124c17f24f9bf112a91179354e1dfb1a-d.o
llgo-test.enableButton                            /Users/haolan/Library/Caches/go-build/2e/2e949cf0f3e2898dab9c33344e9d6991124c17f24f9bf112a91179354e1dfb1a-d.o
llgo-test.getRTCCNTL                              /Users/haolan/Library/Caches/go-build/2e/2e949cf0f3e2898dab9c33344e9d6991124c17f24f9bf112a91179354e1dfb1a-d.o
llgo-test.getUART                                 /Users/haolan/Library/Caches/go-build/2e/2e949cf0f3e2898dab9c33344e9d6991124c17f24f9bf112a91179354e1dfb1a-d.o
llgo-test.init$guard                              /Users/haolan/Library/Caches/go-build/2e/2e949cf0f3e2898dab9c33344e9d6991124c17f24f9bf112a91179354e1dfb1a-d.o
llgo-test.init                                    /Users/haolan/Library/Caches/go-build/2e/2e949cf0f3e2898dab9c33344e9d6991124c17f24f9bf112a91179354e1dfb1a-d.o
                                                  /Users/haolan/Library/Caches/go-build/2e/2e949cf0f3e2898dab9c33344e9d6991124c17f24f9bf112a91179354e1dfb1a-d.o-main.o
llgo-test.initUART                                /Users/haolan/Library/Caches/go-build/2e/2e949cf0f3e2898dab9c33344e9d6991124c17f24f9bf112a91179354e1dfb1a-d.o
llgo-test.printStartup                            /Users/haolan/Library/Caches/go-build/2e/2e949cf0f3e2898dab9c33344e9d6991124c17f24f9bf112a91179354e1dfb1a-d.o
llgo-test.printOK                                 /Users/haolan/Library/Caches/go-build/2e/2e949cf0f3e2898dab9c33344e9d6991124c17f24f9bf112a91179354e1dfb1a-d.o
llgo-test.printDone                               /Users/haolan/Library/Caches/go-build/2e/2e949cf0f3e2898dab9c33344e9d6991124c17f24f9bf112a91179354e1dfb1a-d.o
llgo-test.main                                    /Users/haolan/Library/Caches/go-build/2e/2e949cf0f3e2898dab9c33344e9d6991124c17f24f9bf112a91179354e1dfb1a-d.o
                                                  /Users/haolan/Library/Caches/go-build/2e/2e949cf0f3e2898dab9c33344e9d6991124c17f24f9bf112a91179354e1dfb1a-d.o-main.o
llgo-test.writeByte                               /Users/haolan/Library/Caches/go-build/2e/2e949cf0f3e2898dab9c33344e9d6991124c17f24f9bf112a91179354e1dfb1a-d.o
runtime.init                                      /Users/haolan/Library/Caches/go-build/2e/2e949cf0f3e2898dab9c33344e9d6991124c17f24f9bf112a91179354e1dfb1a-d.o-main.o
main                                              /Users/haolan/Library/Caches/go-build/2e/2e949cf0f3e2898dab9c33344e9d6991124c17f24f9bf112a91179354e1dfb1a-d.o-main.o
__llgo_argc                                       /Users/haolan/Library/Caches/go-build/2e/2e949cf0f3e2898dab9c33344e9d6991124c17f24f9bf112a91179354e1dfb1a-d.o-main.o
__llgo_argv                                       /Users/haolan/Library/Caches/go-build/2e/2e949cf0f3e2898dab9c33344e9d6991124c17f24f9bf112a91179354e1dfb1a-d.o-main.o
