     VMA      LMA     Size Align Out     In      Symbol
40080000 40080000      4a7     4 .text
40080000 40080000        8     4         /Users/haolan/Library/Caches/go-build/55/550f056c9a653185de5931d4d36e62f8c4044d79a477de34afb7893396b12e26-desp32.S.o:(.literal.call_start_cpu0)
40080008 40080008       43     1         /Users/haolan/Library/Caches/go-build/55/550f056c9a653185de5931d4d36e62f8c4044d79a477de34afb7893396b12e26-desp32.S.o:(.text.call_start_cpu0)
4008000c 4008000c        0     1                 call_start_cpu0
4008004c 4008004c       1a     4         /Users/haolan/Library/Caches/go-build/72/72552695d71dfac15014606aec003b794d22b55b95f098a54553a20d31401a7e-d.o:(.text.llgo-test/volatile.(*Register32).ClearBits)
4008004c 4008004c       1a     1                 llgo-test/volatile.(*Register32).ClearBits
40080068 40080068        a     4         /Users/haolan/Library/Caches/go-build/72/72552695d71dfac15014606aec003b794d22b55b95f098a54553a20d31401a7e-d.o:(.text.llgo-test/volatile.(*Register32).Get)
40080068 40080068        a     1                 llgo-test/volatile.(*Register32).Get
40080074 40080074        d     4         /Users/haolan/Library/Caches/go-build/72/72552695d71dfac15014606aec003b794d22b55b95f098a54553a20d31401a7e-d.o:(.text.llgo-test/volatile.(*Register32).Set)
40080074 40080074        d     1                 llgo-test/volatile.(*Register32).Set
40080084 40080084       15     4         /Users/haolan/Library/Caches/go-build/72/72552695d71dfac15014606aec003b794d22b55b95f098a54553a20d31401a7e-d.o:(.text.llgo-test/volatile.(*Register32).SetBits)
40080084 40080084       15     1                 llgo-test/volatile.(*Register32).SetBits
4008009c 4008009c        8     4         /Users/haolan/Library/Caches/go-build/55/550f056c9a653185de5931d4d36e62f8c4044d79a477de34afb7893396b12e26-d.o:(.literal.llgo-test.clearbss)
400800a4 400800a4       27     4         /Users/haolan/Library/Caches/go-build/55/550f056c9a653185de5931d4d36e62f8c4044d79a477de34afb7893396b12e26-d.o:(.text.llgo-test.clearbss)
400800a4 400800a4       27     1                 llgo-test.clearbss
400800cc 400800cc       10     4         /Users/haolan/Library/Caches/go-build/55/550f056c9a653185de5931d4d36e62f8c4044d79a477de34afb7893396b12e26-d.o:(.literal.llgo-test.enableButton)
400800dc 400800dc       29     4         /Users/haolan/Library/Caches/go-build/55/550f056c9a653185de5931d4d36e62f8c4044d79a477de34afb7893396b12e26-d.o:(.text.llgo-test.enableButton)
400800dc 400800dc       29     1                 llgo-test.enableButton
40080108 40080108        8     4         /Users/haolan/Library/Caches/go-build/55/550f056c9a653185de5931d4d36e62f8c4044d79a477de34afb7893396b12e26-d.o:(.literal.llgo-test.getButtonStatus)
40080110 40080110       1c     4         /Users/haolan/Library/Caches/go-build/55/550f056c9a653185de5931d4d36e62f8c4044d79a477de34afb7893396b12e26-d.o:(.text.llgo-test.getButtonStatus)
40080110 40080110       1c     1                 llgo-test.getButtonStatus
4008012c 4008012c        4     4         /Users/haolan/Library/Caches/go-build/55/550f056c9a653185de5931d4d36e62f8c4044d79a477de34afb7893396b12e26-d.o:(.literal.llgo-test.getGPIO)
40080130 40080130        8     4         /Users/haolan/Library/Caches/go-build/55/550f056c9a653185de5931d4d36e62f8c4044d79a477de34afb7893396b12e26-d.o:(.text.llgo-test.getGPIO)
40080130 40080130        8     1                 llgo-test.getGPIO
40080138 40080138        4     4         /Users/haolan/Library/Caches/go-build/55/550f056c9a653185de5931d4d36e62f8c4044d79a477de34afb7893396b12e26-d.o:(.literal.llgo-test.getIOMUX)
4008013c 4008013c        8     4         /Users/haolan/Library/Caches/go-build/55/550f056c9a653185de5931d4d36e62f8c4044d79a477de34afb7893396b12e26-d.o:(.text.llgo-test.getIOMUX)
4008013c 4008013c        8     1                 llgo-test.getIOMUX
40080144 40080144        4     4         /Users/haolan/Library/Caches/go-build/55/550f056c9a653185de5931d4d36e62f8c4044d79a477de34afb7893396b12e26-d.o:(.literal.llgo-test.getRTCCNTL)
40080148 40080148        8     4         /Users/haolan/Library/Caches/go-build/55/550f056c9a653185de5931d4d36e62f8c4044d79a477de34afb7893396b12e26-d.o:(.text.llgo-test.getRTCCNTL)
40080148 40080148        8     1                 llgo-test.getRTCCNTL
40080150 40080150        4     4         /Users/haolan/Library/Caches/go-build/55/550f056c9a653185de5931d4d36e62f8c4044d79a477de34afb7893396b12e26-d.o:(.literal.llgo-test.getTIMG)
40080154 40080154        8     4         /Users/haolan/Library/Caches/go-build/55/550f056c9a653185de5931d4d36e62f8c4044d79a477de34afb7893396b12e26-d.o:(.text.llgo-test.getTIMG)
40080154 40080154        8     1                 llgo-test.getTIMG
4008015c 4008015c        4     4         /Users/haolan/Library/Caches/go-build/55/550f056c9a653185de5931d4d36e62f8c4044d79a477de34afb7893396b12e26-d.o:(.literal.llgo-test.getUART)
40080160 40080160        8     4         /Users/haolan/Library/Caches/go-build/55/550f056c9a653185de5931d4d36e62f8c4044d79a477de34afb7893396b12e26-d.o:(.text.llgo-test.getUART)
40080160 40080160        8     1                 llgo-test.getUART
40080168 40080168        4     4         /Users/haolan/Library/Caches/go-build/55/550f056c9a653185de5931d4d36e62f8c4044d79a477de34afb7893396b12e26-d.o:(.literal.llgo-test.init)
4008016c 4008016c       1c     4         /Users/haolan/Library/Caches/go-build/55/550f056c9a653185de5931d4d36e62f8c4044d79a477de34afb7893396b12e26-d.o:(.text.llgo-test.init)
4008016c 4008016c       1c     1                 llgo-test.init
40080188 40080188       18     4         /Users/haolan/Library/Caches/go-build/55/550f056c9a653185de5931d4d36e62f8c4044d79a477de34afb7893396b12e26-d.o:(.literal.llgo-test.initUART)
400801a0 400801a0       41     4         /Users/haolan/Library/Caches/go-build/55/550f056c9a653185de5931d4d36e62f8c4044d79a477de34afb7893396b12e26-d.o:(.text.llgo-test.initUART)
400801a0 400801a0       41     1                 llgo-test.initUART
400801e4 400801e4       38     4         /Users/haolan/Library/Caches/go-build/55/550f056c9a653185de5931d4d36e62f8c4044d79a477de34afb7893396b12e26-d.o:(.literal.llgo-test.main)
4008021c 4008021c       e9     4         /Users/haolan/Library/Caches/go-build/55/550f056c9a653185de5931d4d36e62f8c4044d79a477de34afb7893396b12e26-d.o:(.text.llgo-test.main)
4008021c 4008021c       e9     1                 llgo-test.main
40080308 40080308        4     4         /Users/haolan/Library/Caches/go-build/55/550f056c9a653185de5931d4d36e62f8c4044d79a477de34afb7893396b12e26-d.o:(.literal.llgo-test.printHigh)
4008030c 4008030c       34     4         /Users/haolan/Library/Caches/go-build/55/550f056c9a653185de5931d4d36e62f8c4044d79a477de34afb7893396b12e26-d.o:(.text.llgo-test.printHigh)
4008030c 4008030c       34     1                 llgo-test.printHigh
40080340 40080340        4     4         /Users/haolan/Library/Caches/go-build/55/550f056c9a653185de5931d4d36e62f8c4044d79a477de34afb7893396b12e26-d.o:(.literal.llgo-test.printLow)
40080344 40080344       2b     4         /Users/haolan/Library/Caches/go-build/55/550f056c9a653185de5931d4d36e62f8c4044d79a477de34afb7893396b12e26-d.o:(.text.llgo-test.printLow)
40080344 40080344       2b     1                 llgo-test.printLow
40080370 40080370        4     4         /Users/haolan/Library/Caches/go-build/55/550f056c9a653185de5931d4d36e62f8c4044d79a477de34afb7893396b12e26-d.o:(.literal.llgo-test.printOK)
40080374 40080374       24     4         /Users/haolan/Library/Caches/go-build/55/550f056c9a653185de5931d4d36e62f8c4044d79a477de34afb7893396b12e26-d.o:(.text.llgo-test.printOK)
40080374 40080374       24     1                 llgo-test.printOK
40080398 40080398        4     4         /Users/haolan/Library/Caches/go-build/55/550f056c9a653185de5931d4d36e62f8c4044d79a477de34afb7893396b12e26-d.o:(.literal.llgo-test.printStartup)
4008039c 4008039c       69     4         /Users/haolan/Library/Caches/go-build/55/550f056c9a653185de5931d4d36e62f8c4044d79a477de34afb7893396b12e26-d.o:(.text.llgo-test.printStartup)
4008039c 4008039c       69     1                 llgo-test.printStartup
40080408 40080408        c     4         /Users/haolan/Library/Caches/go-build/55/550f056c9a653185de5931d4d36e62f8c4044d79a477de34afb7893396b12e26-d.o:(.literal.llgo-test.writeByte)
40080414 40080414       3f     4         /Users/haolan/Library/Caches/go-build/55/550f056c9a653185de5931d4d36e62f8c4044d79a477de34afb7893396b12e26-d.o:(.text.llgo-test.writeByte)
40080414 40080414       3f     1                 llgo-test.writeByte
40080454 40080454        5     4         /Users/haolan/Library/Caches/go-build/55/550f056c9a653185de5931d4d36e62f8c4044d79a477de34afb7893396b12e26-d.o-main.o:(.text.runtime.init)
40080454 40080454        5     1                 runtime.init
4008045c 4008045c        4     4         /Users/haolan/Library/Caches/go-build/55/550f056c9a653185de5931d4d36e62f8c4044d79a477de34afb7893396b12e26-d.o-main.o:(.literal._start)
40080460 40080460        f     4         /Users/haolan/Library/Caches/go-build/55/550f056c9a653185de5931d4d36e62f8c4044d79a477de34afb7893396b12e26-d.o-main.o:(.text._start)
40080460 40080460        f     1                 _start
40080470 40080470       14     4         /Users/haolan/Library/Caches/go-build/55/550f056c9a653185de5931d4d36e62f8c4044d79a477de34afb7893396b12e26-d.o-main.o:(.literal.main)
40080484 40080484       23     4         /Users/haolan/Library/Caches/go-build/55/550f056c9a653185de5931d4d36e62f8c4044d79a477de34afb7893396b12e26-d.o-main.o:(.text.main)
40080484 40080484       23     1                 main
3ffae000 3ffae000      800     1 .stack
3ffae000 3ffae000        0     1         . = ALIGN ( 16 )
3ffae000 3ffae000      800     1         . += 2048
3ffae800 3ffae800        0     1         _stack_top = .
3ffae800 3ffae800        0     4 .data
3ffae800 3ffae800        0     1         _sdata = ABSOLUTE ( . )
3ffae800 3ffae800        0     1         _edata = ABSOLUTE ( . )
3ffae800 3ffae800        0     1 
3ffae800 3ffae800        c     8 .bss
3ffae800 3ffae800        0     1         . = ALIGN ( 4 )
3ffae800 3ffae800        0     1         _sbss = ABSOLUTE ( . )
3ffae800 3ffae800        1     1         /Users/haolan/Library/Caches/go-build/55/550f056c9a653185de5931d4d36e62f8c4044d79a477de34afb7893396b12e26-d.o:(.bss.llgo-test.init$guard)
3ffae800 3ffae800        1     1                 llgo-test.init$guard
3ffae804 3ffae804        4     4         /Users/haolan/Library/Caches/go-build/55/550f056c9a653185de5931d4d36e62f8c4044d79a477de34afb7893396b12e26-d.o-main.o:(.bss.__llgo_argc)
3ffae804 3ffae804        4     1                 __llgo_argc
3ffae808 3ffae808        4     8         /Users/haolan/Library/Caches/go-build/55/550f056c9a653185de5931d4d36e62f8c4044d79a477de34afb7893396b12e26-d.o-main.o:(.bss.__llgo_argv)
3ffae808 3ffae808        4     1                 __llgo_argv
3ffae80c 3ffae80c        0     1         . = ALIGN ( 4 )
3ffae80c 3ffae80c        0     1         _ebss = ABSOLUTE ( . )
3ffae80c 3ffae80c        0     1 _globals_start = _sdata
3ffae80c 3ffae80c        0     1 _globals_end = _ebss
3ffae80c 3ffae80c        0     1 _heap_start = _ebss
3ffae80c 3ffae80c        0     1 _heap_end = ORIGIN ( DRAM ) + LENGTH ( DRAM )
3ffae80c 3ffae80c        0     1 _stack_size = 4K
3ffae80c 3ffae80c        0     1 memcpy = 0x4000c2c8
3ffae80c 3ffae80c        0     1 memmove = 0x4000c3c0
3ffae80c 3ffae80c        0     1 memset = 0x4000c44c
3ffae80c 3ffae80c        0     1 __absvdi2 = 0x4006387c
3ffae80c 3ffae80c        0     1 __absvsi2 = 0x40063868
3ffae80c 3ffae80c        0     1 __adddf3 = 0x40002590
3ffae80c 3ffae80c        0     1 __addsf3 = 0x400020e8
3ffae80c 3ffae80c        0     1 __addvdi3 = 0x40002cbc
3ffae80c 3ffae80c        0     1 __addvsi3 = 0x40002c98
3ffae80c 3ffae80c        0     1 __ashldi3 = 0x4000c818
3ffae80c 3ffae80c        0     1 __ashrdi3 = 0x4000c830
3ffae80c 3ffae80c        0     1 __bswapdi2 = 0x40064b08
3ffae80c 3ffae80c        0     1 __bswapsi2 = 0x40064ae0
3ffae80c 3ffae80c        0     1 __clrsbdi2 = 0x40064b7c
3ffae80c 3ffae80c        0     1 __clrsbsi2 = 0x40064b64
3ffae80c 3ffae80c        0     1 __clzdi2 = 0x4000ca50
3ffae80c 3ffae80c        0     1 __clzsi2 = 0x4000c7e8
3ffae80c 3ffae80c        0     1 __cmpdi2 = 0x40063820
3ffae80c 3ffae80c        0     1 __ctzdi2 = 0x4000ca64
3ffae80c 3ffae80c        0     1 __ctzsi2 = 0x4000c7f0
3ffae80c 3ffae80c        0     1 __divdc3 = 0x400645a4
3ffae80c 3ffae80c        0     1 __divdf3 = 0x40002954
3ffae80c 3ffae80c        0     1 __divdi3 = 0x4000ca84
3ffae80c 3ffae80c        0     1 __divsi3 = 0x4000c7b8
3ffae80c 3ffae80c        0     1 __eqdf2 = 0x400636a8
3ffae80c 3ffae80c        0     1 __eqsf2 = 0x40063374
3ffae80c 3ffae80c        0     1 __extendsfdf2 = 0x40002c34
3ffae80c 3ffae80c        0     1 __ffsdi2 = 0x4000ca2c
3ffae80c 3ffae80c        0     1 __ffssi2 = 0x4000c804
3ffae80c 3ffae80c        0     1 __fixdfdi = 0x40002ac4
3ffae80c 3ffae80c        0     1 __fixdfsi = 0x40002a78
3ffae80c 3ffae80c        0     1 __fixsfdi = 0x4000244c
3ffae80c 3ffae80c        0     1 __fixsfsi = 0x4000240c
3ffae80c 3ffae80c        0     1 __fixunsdfsi = 0x40002b30
3ffae80c 3ffae80c        0     1 __fixunssfdi = 0x40002504
3ffae80c 3ffae80c        0     1 __fixunssfsi = 0x400024ac
3ffae80c 3ffae80c        0     1 __floatdidf = 0x4000c988
3ffae80c 3ffae80c        0     1 __floatdisf = 0x4000c8c0
3ffae80c 3ffae80c        0     1 __floatsidf = 0x4000c944
3ffae80c 3ffae80c        0     1 __floatsisf = 0x4000c870
3ffae80c 3ffae80c        0     1 __floatundidf = 0x4000c978
3ffae80c 3ffae80c        0     1 __floatundisf = 0x4000c8b0
3ffae80c 3ffae80c        0     1 __floatunsidf = 0x4000c938
3ffae80c 3ffae80c        0     1 __floatunsisf = 0x4000c864
3ffae80c 3ffae80c        0     1 __gcc_bcmp = 0x40064a70
3ffae80c 3ffae80c        0     1 __gedf2 = 0x40063768
3ffae80c 3ffae80c        0     1 __gesf2 = 0x4006340c
3ffae80c 3ffae80c        0     1 __gtdf2 = 0x400636dc
3ffae80c 3ffae80c        0     1 __gtsf2 = 0x400633a0
3ffae80c 3ffae80c        0     1 __ledf2 = 0x40063704
3ffae80c 3ffae80c        0     1 __lesf2 = 0x400633c0
3ffae80c 3ffae80c        0     1 __lshrdi3 = 0x4000c84c
3ffae80c 3ffae80c        0     1 __ltdf2 = 0x40063790
3ffae80c 3ffae80c        0     1 __ltsf2 = 0x4006342c
3ffae80c 3ffae80c        0     1 __moddi3 = 0x4000cd4c
3ffae80c 3ffae80c        0     1 __modsi3 = 0x4000c7c0
3ffae80c 3ffae80c        0     1 __muldc3 = 0x40063c90
3ffae80c 3ffae80c        0     1 __muldf3 = 0x4006358c
3ffae80c 3ffae80c        0     1 __muldi3 = 0x4000c9fc
3ffae80c 3ffae80c        0     1 __mulsf3 = 0x400632c8
3ffae80c 3ffae80c        0     1 __mulsi3 = 0x4000c7b0
3ffae80c 3ffae80c        0     1 __mulvdi3 = 0x40002d78
3ffae80c 3ffae80c        0     1 __mulvsi3 = 0x40002d60
3ffae80c 3ffae80c        0     1 __nedf2 = 0x400636a8
3ffae80c 3ffae80c        0     1 __negdf2 = 0x400634a0
3ffae80c 3ffae80c        0     1 __negdi2 = 0x4000ca14
3ffae80c 3ffae80c        0     1 __negsf2 = 0x400020c0
3ffae80c 3ffae80c        0     1 __negvdi2 = 0x40002e98
3ffae80c 3ffae80c        0     1 __negvsi2 = 0x40002e78
3ffae80c 3ffae80c        0     1 __nesf2 = 0x40063374
3ffae80c 3ffae80c        0     1 __nsau_data = 0x3ff96544
3ffae80c 3ffae80c        0     1 __paritysi2 = 0x40002f3c
3ffae80c 3ffae80c        0     1 __popcount_tab = 0x3ff96544
3ffae80c 3ffae80c        0     1 __popcountdi2 = 0x40002ef8
3ffae80c 3ffae80c        0     1 __popcountsi2 = 0x40002ed0
3ffae80c 3ffae80c        0     1 __powidf2 = 0x400638e4
3ffae80c 3ffae80c        0     1 __subdf3 = 0x400026e4
3ffae80c 3ffae80c        0     1 __subsf3 = 0x400021d0
3ffae80c 3ffae80c        0     1 __subvdi3 = 0x40002d20
3ffae80c 3ffae80c        0     1 __subvsi3 = 0x40002cf8
3ffae80c 3ffae80c        0     1 __truncdfsf2 = 0x40002b90
3ffae80c 3ffae80c        0     1 __ucmpdi2 = 0x40063840
3ffae80c 3ffae80c        0     1 __udiv_w_sdiv = 0x40064bec
3ffae80c 3ffae80c        0     1 __udivdi3 = 0x4000cff8
3ffae80c 3ffae80c        0     1 __udivmoddi4 = 0x40064bf4
3ffae80c 3ffae80c        0     1 __udivsi3 = 0x4000c7c8
3ffae80c 3ffae80c        0     1 __umoddi3 = 0x4000d280
3ffae80c 3ffae80c        0     1 __umodsi3 = 0x4000c7d0
3ffae80c 3ffae80c        0     1 __umulsidi3 = 0x4000c7d8
3ffae80c 3ffae80c        0     1 __unorddf2 = 0x400637f4
3ffae80c 3ffae80c        0     1 __unordsf2 = 0x40063478
       0        0       68     1 .comment
       0        0       68     1         <internal>:(.comment)
       0        0      850     4 .symtab
       0        0      850     4         <internal>:(.symtab)
       0        0       3c     1 .shstrtab
       0        0       3c     1         <internal>:(.shstrtab)
       0        0      64c     1 .strtab
       0        0      64c     1         <internal>:(.strtab)

Cross Reference Table

Symbol                                            File
llgo-test/volatile.(*Register32).ClearBits        /Users/haolan/Library/Caches/go-build/72/72552695d71dfac15014606aec003b794d22b55b95f098a54553a20d31401a7e-d.o
                                                  /Users/haolan/Library/Caches/go-build/55/550f056c9a653185de5931d4d36e62f8c4044d79a477de34afb7893396b12e26-d.o
llgo-test/volatile.(*Register32).Get              /Users/haolan/Library/Caches/go-build/72/72552695d71dfac15014606aec003b794d22b55b95f098a54553a20d31401a7e-d.o
                                                  /Users/haolan/Library/Caches/go-build/55/550f056c9a653185de5931d4d36e62f8c4044d79a477de34afb7893396b12e26-d.o
llgo-test/volatile.(*Register32).Set              /Users/haolan/Library/Caches/go-build/72/72552695d71dfac15014606aec003b794d22b55b95f098a54553a20d31401a7e-d.o
                                                  /Users/haolan/Library/Caches/go-build/55/550f056c9a653185de5931d4d36e62f8c4044d79a477de34afb7893396b12e26-d.o
llgo-test/volatile.(*Register32).SetBits          /Users/haolan/Library/Caches/go-build/72/72552695d71dfac15014606aec003b794d22b55b95f098a54553a20d31401a7e-d.o
                                                  /Users/haolan/Library/Caches/go-build/55/550f056c9a653185de5931d4d36e62f8c4044d79a477de34afb7893396b12e26-d.o
_stack_top                                        /Users/haolan/project/t1/llgo/targets/esp32.ld:48
                                                  /Users/haolan/Library/Caches/go-build/55/550f056c9a653185de5931d4d36e62f8c4044d79a477de34afb7893396b12e26-desp32.S.o
call_start_cpu0                                   /Users/haolan/Library/Caches/go-build/55/550f056c9a653185de5931d4d36e62f8c4044d79a477de34afb7893396b12e26-desp32.S.o
_start                                            /Users/haolan/Library/Caches/go-build/55/550f056c9a653185de5931d4d36e62f8c4044d79a477de34afb7893396b12e26-d.o-main.o
                                                  /Users/haolan/Library/Caches/go-build/55/550f056c9a653185de5931d4d36e62f8c4044d79a477de34afb7893396b12e26-desp32.S.o
_sbss                                             /Users/haolan/project/t1/llgo/targets/esp32.ld:86
                                                  /Users/haolan/Library/Caches/go-build/55/550f056c9a653185de5931d4d36e62f8c4044d79a477de34afb7893396b12e26-d.o
_ebss                                             /Users/haolan/project/t1/llgo/targets/esp32.ld:90
                                                  /Users/haolan/Library/Caches/go-build/55/550f056c9a653185de5931d4d36e62f8c4044d79a477de34afb7893396b12e26-d.o
llgo-test.clearbss                                /Users/haolan/Library/Caches/go-build/55/550f056c9a653185de5931d4d36e62f8c4044d79a477de34afb7893396b12e26-d.o
llgo-test.getIOMUX                                /Users/haolan/Library/Caches/go-build/55/550f056c9a653185de5931d4d36e62f8c4044d79a477de34afb7893396b12e26-d.o
llgo-test.getGPIO                                 /Users/haolan/Library/Caches/go-build/55/550f056c9a653185de5931d4d36e62f8c4044d79a477de34afb7893396b12e26-d.o
llgo-test.enableButton                            /Users/haolan/Library/Caches/go-build/55/550f056c9a653185de5931d4d36e62f8c4044d79a477de34afb7893396b12e26-d.o
llgo-test.getButtonStatus                         /Users/haolan/Library/Caches/go-build/55/550f056c9a653185de5931d4d36e62f8c4044d79a477de34afb7893396b12e26-d.o
llgo-test.getRTCCNTL                              /Users/haolan/Library/Caches/go-build/55/550f056c9a653185de5931d4d36e62f8c4044d79a477de34afb7893396b12e26-d.o
llgo-test.getTIMG                                 /Users/haolan/Library/Caches/go-build/55/550f056c9a653185de5931d4d36e62f8c4044d79a477de34afb7893396b12e26-d.o
llgo-test.getUART                                 /Users/haolan/Library/Caches/go-build/55/550f056c9a653185de5931d4d36e62f8c4044d79a477de34afb7893396b12e26-d.o
llgo-test.init$guard                              /Users/haolan/Library/Caches/go-build/55/550f056c9a653185de5931d4d36e62f8c4044d79a477de34afb7893396b12e26-d.o
llgo-test.init                                    /Users/haolan/Library/Caches/go-build/55/550f056c9a653185de5931d4d36e62f8c4044d79a477de34afb7893396b12e26-d.o
                                                  /Users/haolan/Library/Caches/go-build/55/550f056c9a653185de5931d4d36e62f8c4044d79a477de34afb7893396b12e26-d.o-main.o
llgo-test.initUART                                /Users/haolan/Library/Caches/go-build/55/550f056c9a653185de5931d4d36e62f8c4044d79a477de34afb7893396b12e26-d.o
llgo-test.printStartup                            /Users/haolan/Library/Caches/go-build/55/550f056c9a653185de5931d4d36e62f8c4044d79a477de34afb7893396b12e26-d.o
llgo-test.printOK                                 /Users/haolan/Library/Caches/go-build/55/550f056c9a653185de5931d4d36e62f8c4044d79a477de34afb7893396b12e26-d.o
llgo-test.printLow                                /Users/haolan/Library/Caches/go-build/55/550f056c9a653185de5931d4d36e62f8c4044d79a477de34afb7893396b12e26-d.o
llgo-test.printHigh                               /Users/haolan/Library/Caches/go-build/55/550f056c9a653185de5931d4d36e62f8c4044d79a477de34afb7893396b12e26-d.o
llgo-test.main                                    /Users/haolan/Library/Caches/go-build/55/550f056c9a653185de5931d4d36e62f8c4044d79a477de34afb7893396b12e26-d.o
                                                  /Users/haolan/Library/Caches/go-build/55/550f056c9a653185de5931d4d36e62f8c4044d79a477de34afb7893396b12e26-d.o-main.o
llgo-test.writeByte                               /Users/haolan/Library/Caches/go-build/55/550f056c9a653185de5931d4d36e62f8c4044d79a477de34afb7893396b12e26-d.o
runtime.init                                      /Users/haolan/Library/Caches/go-build/55/550f056c9a653185de5931d4d36e62f8c4044d79a477de34afb7893396b12e26-d.o-main.o
main                                              /Users/haolan/Library/Caches/go-build/55/550f056c9a653185de5931d4d36e62f8c4044d79a477de34afb7893396b12e26-d.o-main.o
__llgo_argc                                       /Users/haolan/Library/Caches/go-build/55/550f056c9a653185de5931d4d36e62f8c4044d79a477de34afb7893396b12e26-d.o-main.o
__llgo_argv                                       /Users/haolan/Library/Caches/go-build/55/550f056c9a653185de5931d4d36e62f8c4044d79a477de34afb7893396b12e26-d.o-main.o
